
  Short help                                 
                                                 
  USAGE                                          
                                                 
                                                         
    simple[command][--flags]                             
                                                         
                                                 
  EXAMPLES                                       
                                                 
                                                         
    # a comment about the usage                          
    simple [some arguments]                              
                                                         
    # another comment                                    
    simple --string1=2 -s abc -b --bool1 --flag-not-     
    found [args]                                         
                                                         
                                                 
  COMMANDS                                       
                                                 
    completion [command]  Generate the autocompletion script for the specified shell
    help [command]        Help about any command
                                                 
  FLAGS                                          
                                                 
     --bool1              A bool flag
     -b --bool2           A bool flag
     -h --help            Help for simple
     --string1            A string flag
     -s --string2         A string flag
     -v --version         Version for simple

