          
   ERROR  
          
  Unknown flag: --version.                 

  Try --help for usage.

