
  no manpages
       
  USAGE

    simple [--flags]
          
  EXAMPLES
          
      
      
       
  FLAGS
       
    -h --help     Help for simple
    -v --version  Version for simple

